// Jest Snapshot v1, https://goo.gl/fbAQLP

exports[`HeaderBar component renders correctly 1`] = `
Array [
  <View
    style={
      Object {
        "height": 20,
        "width": undefined,
      }
    }
  />,
  <View
    style={
      Object {
        "alignContent": "center",
        "alignItems": "center",
        "alignSelf": "center",
        "flexDirection": "row",
        "margin": 5,
        "paddingEnd": 8,
        "paddingStart": 8,
      }
    }
  >
    <View
      style={
        Object {
          "alignItems": "flex-start",
        }
      }
    >
      <View
        accessible={true}
        collapsable={false}
        focusable={true}
        onClick={[Function]}
        onResponderGrant={[Function]}
        onResponderMove={[Function]}
        onResponderRelease={[Function]}
        onResponderTerminate={[Function]}
        onResponderTerminationRequest={[Function]}
        onStartShouldSetResponder={[Function]}
        style={
          Object {
            "alignContent": "center",
            "alignItems": "center",
            "backgroundColor": "#7C7E83",
            "borderRadius": 16,
            "height": 32,
            "justifyContent": "center",
            "opacity": 1,
            "padding": 5,
            "width": 32,
          }
        }
      >
        <Image
          resizeMode="contain"
          source={
            Object {
              "testUri": "../../../src/assets/images/arrow/arrowBack.png",
            }
          }
          style={
            Object {
              "height": 11,
              "tintColor": "#FFFFFF",
              "transform": Array [
                Object {
                  "scaleX": 1,
                },
              ],
              "width": 11,
            }
          }
        />
      </View>
    </View>
    <View
      style={
        Object {
          "alignItems": "center",
          "flex": 1,
          "paddingBottom": 0,
          "paddingTop": 0,
        }
      }
    >
      <Text
        style={
          Object {
            "alignSelf": "center",
            "color": "#000000",
            "fontSize": 20,
            "fontWeight": "700",
            "letterSpacing": 0.25,
            "textAlign": "center",
            "textTransform": "capitalize",
          }
        }
      >
        Article Details
      </Text>
    </View>
  </View>,
]
`;
