// Jest Snapshot v1, https://goo.gl/fbAQLP

exports[`SearchListPage SignUpPage renders correctly 1`] = `
<View
  style={
    Object {
      "backgroundColor": "#FFFFFF",
      "flex": 1,
    }
  }
>
  <View
    style={
      Object {
        "height": 20,
        "width": undefined,
      }
    }
  />
  <View
    style={
      Object {
        "alignContent": "center",
        "alignItems": "center",
        "alignSelf": "center",
        "flexDirection": "row",
        "margin": 5,
        "paddingEnd": 8,
        "paddingStart": 8,
      }
    }
  >
    <View
      style={
        Object {
          "alignItems": "flex-start",
        }
      }
    >
      <View
        accessible={true}
        collapsable={false}
        focusable={true}
        onClick={[Function]}
        onResponderGrant={[Function]}
        onResponderMove={[Function]}
        onResponderRelease={[Function]}
        onResponderTerminate={[Function]}
        onResponderTerminationRequest={[Function]}
        onStartShouldSetResponder={[Function]}
        style={
          Object {
            "alignContent": "center",
            "alignItems": "center",
            "backgroundColor": "#7C7E83",
            "borderRadius": 16,
            "height": 32,
            "justifyContent": "center",
            "opacity": 1,
            "padding": 5,
            "width": 32,
          }
        }
      >
        <Image
          resizeMode="contain"
          source={
            Object {
              "testUri": "../../../src/assets/images/arrow/arrowBack.png",
            }
          }
          style={
            Object {
              "height": 11,
              "tintColor": "#FFFFFF",
              "transform": Array [
                Object {
                  "scaleX": 1,
                },
              ],
              "width": 11,
            }
          }
        />
      </View>
    </View>
    <View
      style={
        Object {
          "alignItems": "center",
          "flex": 1,
          "paddingBottom": 0,
          "paddingTop": 0,
        }
      }
    >
      <Text
        style={
          Object {
            "alignSelf": "center",
            "color": "#000000",
            "fontSize": 20,
            "fontWeight": "700",
            "letterSpacing": 0.25,
            "textAlign": "center",
            "textTransform": "capitalize",
          }
        }
      >
        [missing "en.category.searchArticles" translation]
      </Text>
    </View>
  </View>
  <View>
    <TextInput
      editable={true}
      multiline={false}
      name="search"
      onBlur={[Function]}
      onChangeText={[Function]}
      placeholder="[missing \\"en.category.search\\" translation]"
      style={
        Array [
          Object {
            "alignSelf": "center",
            "backgroundColor": "#FFFFFF",
            "borderColor": undefined,
            "borderRadius": 4,
            "borderWidth": 1,
            "color": "#1D74FF",
            "height": 45,
            "justifyContent": "center",
            "marginVertical": 5,
            "padding": 14,
            "width": 675,
          },
          Object {},
        ]
      }
      value=""
    />
  </View>
  <View>
    <View
      accessibilityState={
        Object {
          "disabled": true,
        }
      }
      accessible={true}
      collapsable={false}
      focusable={true}
      onClick={[Function]}
      onResponderGrant={[Function]}
      onResponderMove={[Function]}
      onResponderRelease={[Function]}
      onResponderTerminate={[Function]}
      onResponderTerminationRequest={[Function]}
      onStartShouldSetResponder={[Function]}
      style={
        Object {
          "alignItems": "center",
          "alignSelf": "center",
          "backgroundColor": "#F2F2F3",
          "borderColor": "#C4C4C4",
          "borderRadius": 4,
          "borderWidth": 2,
          "flexDirection": "row",
          "height": 45,
          "justifyContent": "center",
          "marginTop": 0,
          "opacity": 1,
          "paddingHorizontal": 15,
          "paddingVertical": 11,
          "width": 675,
        }
      }
    >
      <Text
        style={
          Array [
            Object {
              "alignSelf": "center",
              "color": "#000000",
              "fontSize": 14,
              "fontWeight": "700",
              "letterSpacing": 0.25,
              "textAlign": "center",
              "textAlignVertical": "center",
            },
            undefined,
          ]
        }
      >
        [missing "en.category.search" translation]
      </Text>
    </View>
  </View>
  <View
    style={
      Object {
        "height": 30,
        "width": undefined,
      }
    }
  />
  <Text
    style={
      Object {
        "color": "#7C7E83",
        "fontSize": 16,
        "fontWeight": "700",
        "marginHorizontal": 20,
        "textDecorationLine": "underline",
      }
    }
  >
    [missing "en.category.searchHistory" translation]
  </Text>
  <View
    style={
      Object {
        "height": 30,
        "width": undefined,
      }
    }
  />
  <Text
    style={
      Object {
        "color": "#C4C4C4",
        "fontSize": 16,
        "fontWeight": "500",
        "textAlign": "center",
      }
    }
  >
    [missing "en.category.searchHistoryNoFound" translation]
  </Text>
</View>
`;
