// Jest Snapshot v1, https://goo.gl/fbAQLP

exports[`ButtonBlock component renders correctly 1`] = `
<View
  accessibilityState={
    Object {
      "disabled": false,
    }
  }
  accessible={true}
  collapsable={false}
  focusable={false}
  onClick={[Function]}
  onResponderGrant={[Function]}
  onResponderMove={[Function]}
  onResponderRelease={[Function]}
  onResponderTerminate={[Function]}
  onResponderTerminationRequest={[Function]}
  onStartShouldSetResponder={[Function]}
  style={
    Object {
      "alignItems": "center",
      "alignSelf": "center",
      "backgroundColor": "#6F10A2",
      "borderRadius": 4,
      "height": 45,
      "justifyContent": "center",
      "marginTop": 10,
      "opacity": 1,
      "paddingHorizontal": 12,
      "width": 675,
    }
  }
>
  <Text
    style={
      Array [
        Object {
          "alignSelf": "center",
          "color": "#FFFFFF",
          "fontSize": 14,
          "fontWeight": "700",
          "letterSpacing": 0.25,
          "textAlign": "center",
          "textAlignVertical": "center",
        },
        undefined,
      ]
    }
  />
</View>
`;
