// Jest Snapshot v1, https://goo.gl/fbAQLP

exports[`CategorizedList Page CategorizedList page renders correctly 1`] = `
<RCTSafeAreaView
  emulateUnlessSupported={true}
  style={
    Object {
      "alignItems": "center",
      "backgroundColor": "#FFFFFF",
      "flex": 1,
      "justifyContent": "center",
    }
  }
>
  <View
    style={
      Object {
        "marginHorizontal": 41,
        "textAlign": "left",
      }
    }
  >
    <Text
      style={
        Object {
          "color": "#6F10A2",
          "fontSize": 16,
          "fontWeight": "700",
          "lineHeight": 24,
          "paddingHorizontal": 20,
          "textAlign": "center",
        }
      }
    >
      [missing "en.category.selectCategoryMsg" translation]
    </Text>
  </View>
  <View
    style={
      Object {
        "height": 45,
        "width": undefined,
      }
    }
  />
  <View>
    <View
      accessibilityState={
        Object {
          "disabled": false,
        }
      }
      accessible={true}
      collapsable={false}
      focusable={true}
      onClick={[Function]}
      onResponderGrant={[Function]}
      onResponderMove={[Function]}
      onResponderRelease={[Function]}
      onResponderTerminate={[Function]}
      onResponderTerminationRequest={[Function]}
      onStartShouldSetResponder={[Function]}
      style={
        Object {
          "alignItems": "center",
          "alignSelf": "center",
          "backgroundColor": "#6F10A2",
          "borderRadius": 4,
          "height": 48,
          "justifyContent": "center",
          "marginTop": 10,
          "opacity": 1,
          "paddingHorizontal": 12,
          "width": 412.50000000000006,
        }
      }
    >
      <Text
        style={
          Array [
            Object {
              "alignSelf": "center",
              "color": "#FFFFFF",
              "fontSize": 14,
              "fontWeight": "700",
              "letterSpacing": 0.25,
              "textAlign": "center",
              "textAlignVertical": "center",
            },
            undefined,
          ]
        }
      >
        [missing "en.category.science" translation]
      </Text>
    </View>
  </View>
  <View>
    <View
      accessibilityState={
        Object {
          "disabled": false,
        }
      }
      accessible={true}
      collapsable={false}
      focusable={true}
      onClick={[Function]}
      onResponderGrant={[Function]}
      onResponderMove={[Function]}
      onResponderRelease={[Function]}
      onResponderTerminate={[Function]}
      onResponderTerminationRequest={[Function]}
      onStartShouldSetResponder={[Function]}
      style={
        Object {
          "alignItems": "center",
          "alignSelf": "center",
          "backgroundColor": "#6F10A2",
          "borderRadius": 4,
          "height": 48,
          "justifyContent": "center",
          "marginTop": 10,
          "opacity": 1,
          "paddingHorizontal": 12,
          "width": 412.50000000000006,
        }
      }
    >
      <Text
        style={
          Array [
            Object {
              "alignSelf": "center",
              "color": "#FFFFFF",
              "fontSize": 14,
              "fontWeight": "700",
              "letterSpacing": 0.25,
              "textAlign": "center",
              "textAlignVertical": "center",
            },
            undefined,
          ]
        }
      >
        [missing "en.category.world" translation]
      </Text>
    </View>
  </View>
  <View
    style={
      Object {
        "height": 50,
        "width": undefined,
      }
    }
  />
  <View
    accessible={true}
    collapsable={false}
    focusable={true}
    onClick={[Function]}
    onResponderGrant={[Function]}
    onResponderMove={[Function]}
    onResponderRelease={[Function]}
    onResponderTerminate={[Function]}
    onResponderTerminationRequest={[Function]}
    onStartShouldSetResponder={[Function]}
    style={
      Object {
        "alignItems": "center",
        "backgroundColor": "#6F10A2",
        "borderColor": "#C4C4C4",
        "borderRadius": 40,
        "borderWidth": 0.4,
        "bottom": 30,
        "height": 60,
        "justifyContent": "center",
        "opacity": 1,
        "position": "absolute",
        "right": 30,
        "width": 60,
      }
    }
  >
    <Image
      resizeMode="contain"
      source={
        Object {
          "testUri": "../../../src/assets/images/search/search.png",
        }
      }
      style={
        Object {
          "height": 30,
          "width": 30,
        }
      }
    />
  </View>
</RCTSafeAreaView>
`;
